// Jest Snapshot v1, https://goo.gl/fbAQLP

exports[`DataComponent Snapshot check snapshot 1`] = `
<data-component
  data="0"
  onUpdated={[Function EventEmitter_]}
  title=""
>
  <div
    class="home-data"
  >
    <button>
      
    </button>
    <h4>
      Data: 
    </h4>
  </div>
</data-component>
`;
